<h1 class="ag-display_n">poti</h1>
<p>hello world!</p>
